  Activating project at `~/.julia/dev/TJLFEP`
=== IMAS preprocessing-only (DIII-D nb6, SCAN_N=1) ===
CASE_DIR: /Users/neiser/.julia/dev/TJLFEP/src/DIIIDfiles/202017C42_500ms_v3.1
TGLFEP_FILE: /Users/neiser/.julia/dev/TJLFEP/build/debug_nb6/input.TGLFEP
REF_DIR: /Users/neiser/.julia/dev/TJLFEP/build/imas_ref_local
TEST_DIR: /Users/neiser/.julia/dev/TJLFEP/build/imas_test_local
rho: [0.01]
--- reference: setup_fortran_file_inputs (dump.profile) ---
field: PROCESS_IN false
field: THRESHOLD_FLAG false
field: N_BASIS false
field: SCAN_METHOD false
field: REJECT_I_PINCH_FLAG false
field: REJECT_E_PINCH_FLAG false
field: REJECT_TH_PINCH_FLAG false
field: REJECT_EP_PINCH_FLAG false
field: REJECT_TEARING_FLAG false
field: ROTATIONAL_SUPPRESSION_FLAG false
field: PPRIME_METHOD false
field: QL_RATIO_THRESH false
field: THETA_2_THRESH true
field: Q_SCALE false
field: WRITE_WAVEFUNCTION false
field: KY_MODEL false
field: SCAN_N false
field: IRS false
field: FACTOR_IN_PROFILE false
field: FACTOR_IN false
field: WIDTH_IN_FLAG false
field: WIDTH_MIN false
field: WIDTH_MAX false
field: INPUT_PROFILE_METHOD false
field: N_ION false
field: IS_EP false
field: REAL_FREQ false
--- test: IMAS preprocess_imas_inputs + save ---
  0.032339 seconds (168.15 k allocations: 6.942 MiB, 53.37% compilation time)
  3.560313 seconds (4.99 M allocations: 274.531 MiB, 96.76% compilation time)
printing species masses
mass[1] = 0.00027244419784564855
mass[2] = 1.000743956397103
mass[3] = 1.000743956397103
EP mass = 1.000743956397103
IR_EXP: [2]
profile NR/NS: 101 / 3
ref NS (from dump.profile): 3 ; IMAS NS: 3
--- compare ---
Reference: /Users/neiser/.julia/dev/TJLFEP/build/imas_ref_local
Test:      /Users/neiser/.julia/dev/TJLFEP/build/imas_test_local

=== input.MTGLF (raw keys, species-mapped) ===
  ref keys: 3954  test keys: 3348  shared (mapped): 2902
  only in ref (606): VPAR_  1_1, VPAR_  1_2, VPAR_  1_3, VPAR_  2_1, VPAR_  2_2...
  max rel err = Inf  mean rel err = Inf
  worst 10:
    key                                     ref           test    rel_err
    B_UNIT_  1                                1           -Inf        Inf
    OMEGA_TAE_  1                      -1.14475            Inf        Inf
    Q_PRIME_  1                              -0      -0.346283  3.463e+29
    SHEAR_  1                                -0   -1.52789e-06  1.528e+24
    gammap_  1                            1e-07      -0.422099  4.221e+06
    gammap_  2                            1e-07      -0.412808  4.128e+06
    gammap_  4                            1e-07       0.347107  3.471e+06
    gammap_  5                            1e-07       0.179824  1.798e+06
    gammap_  9                            1e-07      -0.125826  1.258e+06
    gammap_  6                            1e-07      0.0996407  9.964e+05

=== MTGLF struct (species-mapped) ===
  ref NR/NS: 101/3  IR_EXP: [2]
  test NR/NS: 101/3  IR_EXP: [2]
ERROR: LoadError: BoundsError: attempt to access 101×3 Matrix{Float64} at index [1, 4]
Stacktrace:
 [1] throw_boundserror(A::Matrix{Float64}, I::Tuple{Int64, Int64})
   @ Base ./essentials.jl:14
 [2] checkbounds
   @ ./abstractarray.jl:699 [inlined]
 [3] getindex(::Matrix{Float64}, ::Int64, ::Int64)
   @ Base ./array.jl:929
 [4] compare_mtglf_struct(ref_path::String, test_path::String; ir_focus::Int64)
   @ Main ~/.julia/dev/TJLFEP/build/compare_preprocess_inputs.jl:133
 [5] compare_mtglf_struct
   @ ~/.julia/dev/TJLFEP/build/compare_preprocess_inputs.jl:115 [inlined]
 [6] main()
   @ Main ~/.julia/dev/TJLFEP/build/compare_preprocess_inputs.jl:229
 [7] top-level scope
   @ ~/.julia/dev/TJLFEP/build/compare_preprocess_inputs.jl:237
 [8] include(fname::String)
   @ Main ./sysimg.jl:38
 [9] top-level scope
   @ ~/.julia/dev/TJLFEP/build/debug_imas_preprocess_nb6.jl:103
in expression starting at /Users/neiser/.julia/dev/TJLFEP/build/compare_preprocess_inputs.jl:237
in expression starting at /Users/neiser/.julia/dev/TJLFEP/build/debug_imas_preprocess_nb6.jl:99
